// Jest Snapshot v1, https://goo.gl/fbAQLP

exports[`<ReservationsPage  /> should match snapshot 1`] = `
<div
  class="table-responsive"
>
  <table
    class="table table-sm table-striped table-bordered table-hover"
  >
    <thead>
      <tr
        class="text-center"
        style="background-color: rgb(112, 112, 112); color: white; font-family: Lato;"
      >
        <th
          class="align-middle"
        >
          Book
        </th>
        <th
          class="align-middle d-none d-lg-table-cell"
        >
          ISBN
        </th>
        <th
          class="align-middle"
        >
          Copies
        </th>
        <th
          class="align-middle"
        >
          University ID
        </th>
        <th
          class="align-middle"
        >
          Reservation Date
        </th>
        <th
          class="align-middle"
        >
          Return Date
        </th>
        <th
          class="align-middle"
        >
          Status
        </th>
        <th>
          Actions
        </th>
      </tr>
    </thead>
    <tbody />
  </table>
</div>
`;
