// Jest Snapshot v1, https://goo.gl/fbAQLP

exports[`<BooksPage  /> should match snapshot 1`] = `
<div
  class="table-responsive"
>
  <table
    class="table table-sm table-striped table-bordered table-hover"
  >
    <thead>
      <tr
        class="text-center"
        style="background-color: rgb(112, 112, 112); color: white; font-family: Lato;"
      >
        <th
          class="align-middle"
        >
          Title
        </th>
        <th
          class="align-middle"
        >
          ISBN
        </th>
        <th
          class="align-middle"
        >
          Authors
        </th>
        <th
          class="align-middle"
        >
          Publisher
        </th>
        <th
          class="align-middle d-none d-lg-table-cell"
        >
          Pages
        </th>
        <th
          class="align-middle d-none d-lg-table-cell"
        >
          Publication Date
        </th>
        <th>
          Actions
        </th>
      </tr>
    </thead>
    <tbody />
  </table>
</div>
`;
