// Jest Snapshot v1, https://goo.gl/fbAQLP

exports[`<BooksPage  /> should match snapshot 1`] = `
.c0 {
  background-color: #203549;
}

@media (min-width:768px) {

}

<nav
  class="c0 navbar navbar-expand navbar-light"
>
  <div
    class="container"
  >
    <a
      href="/"
    >
      <img
        alt=""
        height="122"
        src="SMU-LOGO.png"
        width="263"
      />
    </a>
  </div>
</nav>
`;
